Watching for file changes with StatReloader
Exception in thread django-main-thread:
Traceback (most recent call last):
  File "C:\python\Lib\threading.py", line 1043, in _bootstrap_inner
    self.run()
    ~~~~~~~~^^
  File "C:\python\Lib\threading.py", line 994, in run
    self._target(*self._args, **self._kwargs)
    ~~~~~~~~~~~~^^^^^^^^^^^^^^^^^^^^^^^^^^^^^
  File "C:\Users\¬€чеслав\Desktop\проекты\StockPredictor\ForecastMP-v2\venv\Lib\site-packages\django\utils\autoreload.py", line 64, in wrapper
    fn(*args, **kwargs)
    ~~^^^^^^^^^^^^^^^^^
  File "C:\Users\¬€чеслав\Desktop\проекты\StockPredictor\ForecastMP-v2\venv\Lib\site-packages\django\core\management\commands\runserver.py", line 133, in inner_run
    self.check(display_num_errors=True)
    ~~~~~~~~~~^^^^^^^^^^^^^^^^^^^^^^^^^
  File "C:\Users\¬€чеслав\Desktop\проекты\StockPredictor\ForecastMP-v2\venv\Lib\site-packages\django\core\management\base.py", line 485, in check
    all_issues = checks.run_checks(
        app_configs=app_configs,
    ...<2 lines>...
        databases=databases,
    )
  File "C:\Users\¬€чеслав\Desktop\проекты\StockPredictor\ForecastMP-v2\venv\Lib\site-packages\django\core\checks\registry.py", line 88, in run_checks
    new_errors = check(app_configs=app_configs, databases=databases)
  File "C:\Users\¬€чеслав\Desktop\проекты\StockPredictor\ForecastMP-v2\venv\Lib\site-packages\django\core\checks\urls.py", line 14, in check_url_config
    return check_resolver(resolver)
  File "C:\Users\¬€чеслав\Desktop\проекты\StockPredictor\ForecastMP-v2\venv\Lib\site-packages\django\core\checks\urls.py", line 24, in check_resolver
    return check_method()
  File "C:\Users\¬€чеслав\Desktop\проекты\StockPredictor\ForecastMP-v2\venv\Lib\site-packages\django\urls\resolvers.py", line 494, in check
    for pattern in self.url_patterns:
                   ^^^^^^^^^^^^^^^^^
  File "C:\Users\¬€чеслав\Desktop\проекты\StockPredictor\ForecastMP-v2\venv\Lib\site-packages\django\utils\functional.py", line 57, in __get__
    res = instance.__dict__[self.name] = self.func(instance)
                                         ~~~~~~~~~^^^^^^^^^^
  File "C:\Users\¬€чеслав\Desktop\проекты\StockPredictor\ForecastMP-v2\venv\Lib\site-packages\django\urls\resolvers.py", line 715, in url_patterns
    patterns = getattr(self.urlconf_module, "urlpatterns", self.urlconf_module)
                       ^^^^^^^^^^^^^^^^^^^
  File "C:\Users\¬€чеслав\Desktop\проекты\StockPredictor\ForecastMP-v2\venv\Lib\site-packages\django\utils\functional.py", line 57, in __get__
    res = instance.__dict__[self.name] = self.func(instance)
                                         ~~~~~~~~~^^^^^^^^^^
  File "C:\Users\¬€чеслав\Desktop\проекты\StockPredictor\ForecastMP-v2\venv\Lib\site-packages\django\urls\resolvers.py", line 708, in urlconf_module
    return import_module(self.urlconf_name)
  File "C:\python\Lib\importlib\__init__.py", line 88, in import_module
    return _bootstrap._gcd_import(name[level:], package, level)
           ~~~~~~~~~~~~~~~~~~~~~~^^^^^^^^^^^^^^^^^^^^^^^^^^^^^^
  File "<frozen importlib._bootstrap>", line 1387, in _gcd_import
  File "<frozen importlib._bootstrap>", line 1360, in _find_and_load
  File "<frozen importlib._bootstrap>", line 1331, in _find_and_load_unlocked
  File "<frozen importlib._bootstrap>", line 935, in _load_unlocked
  File "<frozen importlib._bootstrap_external>", line 1026, in exec_module
  File "<frozen importlib._bootstrap>", line 488, in _call_with_frames_removed
  File "C:\Users\¬€чеслав\Desktop\проекты\StockPredictor\ForecastMP-v2\stockpredictor\urls.py", line 26, in <module>
    path('sales/', include('sales.urls')),
                   ~~~~~~~^^^^^^^^^^^^^^
  File "C:\Users\¬€чеслав\Desktop\проекты\StockPredictor\ForecastMP-v2\venv\Lib\site-packages\django\urls\conf.py", line 38, in include
    urlconf_module = import_module(urlconf_module)
  File "C:\python\Lib\importlib\__init__.py", line 88, in import_module
    return _bootstrap._gcd_import(name[level:], package, level)
           ~~~~~~~~~~~~~~~~~~~~~~^^^^^^^^^^^^^^^^^^^^^^^^^^^^^^
  File "<frozen importlib._bootstrap>", line 1387, in _gcd_import
  File "<frozen importlib._bootstrap>", line 1360, in _find_and_load
  File "<frozen importlib._bootstrap>", line 1331, in _find_and_load_unlocked
  File "<frozen importlib._bootstrap>", line 935, in _load_unlocked
  File "<frozen importlib._bootstrap_external>", line 1026, in exec_module
  File "<frozen importlib._bootstrap>", line 488, in _call_with_frames_removed
  File "C:\Users\¬€чеслав\Desktop\проекты\StockPredictor\ForecastMP-v2\sales\urls.py", line 5, in <module>
    from . import views
  File "C:\Users\¬€чеслав\Desktop\проекты\StockPredictor\ForecastMP-v2\sales\views.py", line 22, in <module>
    from .forms import WarehouseForm
  File "C:\Users\¬€чеслав\Desktop\проекты\StockPredictor\ForecastMP-v2\sales\forms.py", line 37
    self.add_error('marketplace', '\ufffd\ufffd\ufffd\ufffd\ufffd\ufffd\ufffd \ufffd\ufffd\ufffd\ufffd\ufffd\ufffd\ufffd\ufffd\ufffd\ufffd\ufffd \ufffd\ufffd\ufffd \ufffd\ufffd\ufffd\ufffd\ufffd\ufffd \ufffd\ufffd\ufffd\ufffd\ufffd\ufffd\ufffd\ufffd\ufffd\ufffd\ufffd.')
                                  ^^^^^^^^^^^^^^^^
SyntaxError: (unicode error) 'utf-8' codec can't decode byte 0xd3 in position 0: invalid continuation byte
C:\Users\¬€чеслав\Desktop\проекты\StockPredictor\ForecastMP-v2\sales\forms.py changed, reloading.
Watching for file changes with StatReloader
[12/Jan/2026 23:21:23] "GET / HTTP/1.1" 302 0
Internal Server Error: /accounts/login/
Traceback (most recent call last):
  File "C:\Users\¬€чеслав\Desktop\проекты\StockPredictor\ForecastMP-v2\venv\Lib\site-packages\django\core\handlers\exception.py", line 55, in inner
    response = get_response(request)
  File "C:\Users\¬€чеслав\Desktop\проекты\StockPredictor\ForecastMP-v2\venv\Lib\site-packages\django\core\handlers\base.py", line 197, in _get_response
    response = wrapped_callback(request, *callback_args, **callback_kwargs)
  File "C:\Users\¬€чеслав\Desktop\проекты\StockPredictor\ForecastMP-v2\accounts\views.py", line 103, in user_login
    return render(request, 'account/login.html', context)
  File "C:\Users\¬€чеслав\Desktop\проекты\StockPredictor\ForecastMP-v2\venv\Lib\site-packages\django\shortcuts.py", line 24, in render
    content = loader.render_to_string(template_name, context, request, using=using)
  File "C:\Users\¬€чеслав\Desktop\проекты\StockPredictor\ForecastMP-v2\venv\Lib\site-packages\django\template\loader.py", line 62, in render_to_string
    return template.render(context, request)
           ~~~~~~~~~~~~~~~^^^^^^^^^^^^^^^^^^
  File "C:\Users\¬€чеслав\Desktop\проекты\StockPredictor\ForecastMP-v2\venv\Lib\site-packages\django\template\backends\django.py", line 61, in render
    return self.template.render(context)
           ~~~~~~~~~~~~~~~~~~~~^^^^^^^^^
  File "C:\Users\¬€чеслав\Desktop\проекты\StockPredictor\ForecastMP-v2\venv\Lib\site-packages\django\template\base.py", line 175, in render
    return self._render(context)
           ~~~~~~~~~~~~^^^^^^^^^
  File "C:\Users\¬€чеслав\Desktop\проекты\StockPredictor\ForecastMP-v2\venv\Lib\site-packages\django\template\base.py", line 167, in _render
    return self.nodelist.render(context)
           ~~~~~~~~~~~~~~~~~~~~^^^^^^^^^
  File "C:\Users\¬€чеслав\Desktop\проекты\StockPredictor\ForecastMP-v2\venv\Lib\site-packages\django\template\base.py", line 1005, in render
    return SafeString("".join([node.render_annotated(context) for node in self]))
                               ~~~~~~~~~~~~~~~~~~~~~^^^^^^^^^
  File "C:\Users\¬€чеслав\Desktop\проекты\StockPredictor\ForecastMP-v2\venv\Lib\site-packages\django\template\base.py", line 966, in render_annotated
    return self.render(context)
           ~~~~~~~~~~~^^^^^^^^^
  File "C:\Users\¬€чеслав\Desktop\проекты\StockPredictor\ForecastMP-v2\venv\Lib\site-packages\django\template\loader_tags.py", line 132, in render
    compiled_parent = self.get_parent(context)
  File "C:\Users\¬€чеслав\Desktop\проекты\StockPredictor\ForecastMP-v2\venv\Lib\site-packages\django\template\loader_tags.py", line 129, in get_parent
    return self.find_template(parent, context)
           ~~~~~~~~~~~~~~~~~~^^^^^^^^^^^^^^^^^
  File "C:\Users\¬€чеслав\Desktop\проекты\StockPredictor\ForecastMP-v2\venv\Lib\site-packages\django\template\loader_tags.py", line 107, in find_template
    template, origin = context.template.engine.find_template(
                       ~~~~~~~~~~~~~~~~~~~~~~~~~~~~~~~~~~~~~^
        template_name,
        ^^^^^^^^^^^^^^
        skip=history,
        ^^^^^^^^^^^^^
    )
    ^
  File "C:\Users\¬€чеслав\Desktop\проекты\StockPredictor\ForecastMP-v2\venv\Lib\site-packages\django\template\engine.py", line 157, in find_template
    template = loader.get_template(name, skip=skip)
  File "C:\Users\¬€чеслав\Desktop\проекты\StockPredictor\ForecastMP-v2\venv\Lib\site-packages\django\template\loaders\cached.py", line 57, in get_template
    template = super().get_template(template_name, skip)
  File "C:\Users\¬€чеслав\Desktop\проекты\StockPredictor\ForecastMP-v2\venv\Lib\site-packages\django\template\loaders\base.py", line 28, in get_template
    return Template(
        contents,
    ...<2 lines>...
        self.engine,
    )
  File "C:\Users\¬€чеслав\Desktop\проекты\StockPredictor\ForecastMP-v2\venv\Lib\site-packages\django\template\base.py", line 154, in __init__
    self.nodelist = self.compile_nodelist()
                    ~~~~~~~~~~~~~~~~~~~~~^^
  File "C:\Users\¬€чеслав\Desktop\проекты\StockPredictor\ForecastMP-v2\venv\Lib\site-packages\django\template\base.py", line 200, in compile_nodelist
    return parser.parse()
           ~~~~~~~~~~~~^^
  File "C:\Users\¬€чеслав\Desktop\проекты\StockPredictor\ForecastMP-v2\venv\Lib\site-packages\django\template\base.py", line 513, in parse
    raise self.error(token, e)
  File "C:\Users\¬€чеслав\Desktop\проекты\StockPredictor\ForecastMP-v2\venv\Lib\site-packages\django\template\base.py", line 511, in parse
    compiled_result = compile_func(self, token)
  File "C:\Users\¬€чеслав\Desktop\проекты\StockPredictor\ForecastMP-v2\venv\Lib\site-packages\django\template\loader_tags.py", line 293, in do_extends
    nodelist = parser.parse()
  File "C:\Users\¬€чеслав\Desktop\проекты\StockPredictor\ForecastMP-v2\venv\Lib\site-packages\django\template\base.py", line 513, in parse
    raise self.error(token, e)
  File "C:\Users\¬€чеслав\Desktop\проекты\StockPredictor\ForecastMP-v2\venv\Lib\site-packages\django\template\base.py", line 511, in parse
    compiled_result = compile_func(self, token)
  File "C:\Users\¬€чеслав\Desktop\проекты\StockPredictor\ForecastMP-v2\venv\Lib\site-packages\django\template\loader_tags.py", line 232, in do_block
    nodelist = parser.parse(("endblock",))
  File "C:\Users\¬€чеслав\Desktop\проекты\StockPredictor\ForecastMP-v2\venv\Lib\site-packages\django\template\base.py", line 513, in parse
    raise self.error(token, e)
  File "C:\Users\¬€чеслав\Desktop\проекты\StockPredictor\ForecastMP-v2\venv\Lib\site-packages\django\template\base.py", line 511, in parse
    compiled_result = compile_func(self, token)
  File "C:\Users\¬€чеслав\Desktop\проекты\StockPredictor\ForecastMP-v2\venv\Lib\site-packages\django\template\defaulttags.py", line 967, in do_if
    nodelist = parser.parse(("endif",))
  File "C:\Users\¬€чеслав\Desktop\проекты\StockPredictor\ForecastMP-v2\venv\Lib\site-packages\django\template\base.py", line 513, in parse
    raise self.error(token, e)
  File "C:\Users\¬€чеслав\Desktop\проекты\StockPredictor\ForecastMP-v2\venv\Lib\site-packages\django\template\base.py", line 511, in parse
    compiled_result = compile_func(self, token)
  File "C:\Users\¬€чеслав\Desktop\проекты\StockPredictor\ForecastMP-v2\venv\Lib\site-packages\django\templatetags\i18n.py", line 403, in do_translate
    message_string = parser.compile_filter(bits[1])
  File "C:\Users\¬€чеслав\Desktop\проекты\StockPredictor\ForecastMP-v2\venv\Lib\site-packages\django\template\base.py", line 600, in compile_filter
    return FilterExpression(token, self)
  File "C:\Users\¬€чеслав\Desktop\проекты\StockPredictor\ForecastMP-v2\venv\Lib\site-packages\django\template\base.py", line 703, in __init__
    raise TemplateSyntaxError(
    ...<2 lines>...
    )
django.template.exceptions.TemplateSyntaxError: Could not parse the remainder: '\x90\xf8С?\x90+\x90?С?\x90?' from '"\x90"\x90\xf8С?\x90+\x90?С?\x90?'
[12/Jan/2026 23:21:23] "GET /accounts/login/?next=/ HTTP/1.1" 500 242875
[12/Jan/2026 23:23:18] "GET / HTTP/1.1" 302 0
Internal Server Error: /accounts/login/
Traceback (most recent call last):
  File "C:\Users\¬€чеслав\Desktop\проекты\StockPredictor\ForecastMP-v2\venv\Lib\site-packages\django\core\handlers\exception.py", line 55, in inner
    response = get_response(request)
  File "C:\Users\¬€чеслав\Desktop\проекты\StockPredictor\ForecastMP-v2\venv\Lib\site-packages\django\core\handlers\base.py", line 197, in _get_response
    response = wrapped_callback(request, *callback_args, **callback_kwargs)
  File "C:\Users\¬€чеслав\Desktop\проекты\StockPredictor\ForecastMP-v2\accounts\views.py", line 103, in user_login
    return render(request, 'account/login.html', context)
  File "C:\Users\¬€чеслав\Desktop\проекты\StockPredictor\ForecastMP-v2\venv\Lib\site-packages\django\shortcuts.py", line 24, in render
    content = loader.render_to_string(template_name, context, request, using=using)
  File "C:\Users\¬€чеслав\Desktop\проекты\StockPredictor\ForecastMP-v2\venv\Lib\site-packages\django\template\loader.py", line 62, in render_to_string
    return template.render(context, request)
           ~~~~~~~~~~~~~~~^^^^^^^^^^^^^^^^^^
  File "C:\Users\¬€чеслав\Desktop\проекты\StockPredictor\ForecastMP-v2\venv\Lib\site-packages\django\template\backends\django.py", line 61, in render
    return self.template.render(context)
           ~~~~~~~~~~~~~~~~~~~~^^^^^^^^^
  File "C:\Users\¬€чеслав\Desktop\проекты\StockPredictor\ForecastMP-v2\venv\Lib\site-packages\django\template\base.py", line 175, in render
    return self._render(context)
           ~~~~~~~~~~~~^^^^^^^^^
  File "C:\Users\¬€чеслав\Desktop\проекты\StockPredictor\ForecastMP-v2\venv\Lib\site-packages\django\template\base.py", line 167, in _render
    return self.nodelist.render(context)
           ~~~~~~~~~~~~~~~~~~~~^^^^^^^^^
  File "C:\Users\¬€чеслав\Desktop\проекты\StockPredictor\ForecastMP-v2\venv\Lib\site-packages\django\template\base.py", line 1005, in render
    return SafeString("".join([node.render_annotated(context) for node in self]))
                               ~~~~~~~~~~~~~~~~~~~~~^^^^^^^^^
  File "C:\Users\¬€чеслав\Desktop\проекты\StockPredictor\ForecastMP-v2\venv\Lib\site-packages\django\template\base.py", line 966, in render_annotated
    return self.render(context)
           ~~~~~~~~~~~^^^^^^^^^
  File "C:\Users\¬€чеслав\Desktop\проекты\StockPredictor\ForecastMP-v2\venv\Lib\site-packages\django\template\loader_tags.py", line 132, in render
    compiled_parent = self.get_parent(context)
  File "C:\Users\¬€чеслав\Desktop\проекты\StockPredictor\ForecastMP-v2\venv\Lib\site-packages\django\template\loader_tags.py", line 129, in get_parent
    return self.find_template(parent, context)
           ~~~~~~~~~~~~~~~~~~^^^^^^^^^^^^^^^^^
  File "C:\Users\¬€чеслав\Desktop\проекты\StockPredictor\ForecastMP-v2\venv\Lib\site-packages\django\template\loader_tags.py", line 107, in find_template
    template, origin = context.template.engine.find_template(
                       ~~~~~~~~~~~~~~~~~~~~~~~~~~~~~~~~~~~~~^
        template_name,
        ^^^^^^^^^^^^^^
        skip=history,
        ^^^^^^^^^^^^^
    )
    ^
  File "C:\Users\¬€чеслав\Desktop\проекты\StockPredictor\ForecastMP-v2\venv\Lib\site-packages\django\template\engine.py", line 157, in find_template
    template = loader.get_template(name, skip=skip)
  File "C:\Users\¬€чеслав\Desktop\проекты\StockPredictor\ForecastMP-v2\venv\Lib\site-packages\django\template\loaders\cached.py", line 57, in get_template
    template = super().get_template(template_name, skip)
  File "C:\Users\¬€чеслав\Desktop\проекты\StockPredictor\ForecastMP-v2\venv\Lib\site-packages\django\template\loaders\base.py", line 28, in get_template
    return Template(
        contents,
    ...<2 lines>...
        self.engine,
    )
  File "C:\Users\¬€чеслав\Desktop\проекты\StockPredictor\ForecastMP-v2\venv\Lib\site-packages\django\template\base.py", line 154, in __init__
    self.nodelist = self.compile_nodelist()
                    ~~~~~~~~~~~~~~~~~~~~~^^
  File "C:\Users\¬€чеслав\Desktop\проекты\StockPredictor\ForecastMP-v2\venv\Lib\site-packages\django\template\base.py", line 200, in compile_nodelist
    return parser.parse()
           ~~~~~~~~~~~~^^
  File "C:\Users\¬€чеслав\Desktop\проекты\StockPredictor\ForecastMP-v2\venv\Lib\site-packages\django\template\base.py", line 513, in parse
    raise self.error(token, e)
  File "C:\Users\¬€чеслав\Desktop\проекты\StockPredictor\ForecastMP-v2\venv\Lib\site-packages\django\template\base.py", line 511, in parse
    compiled_result = compile_func(self, token)
  File "C:\Users\¬€чеслав\Desktop\проекты\StockPredictor\ForecastMP-v2\venv\Lib\site-packages\django\template\loader_tags.py", line 293, in do_extends
    nodelist = parser.parse()
  File "C:\Users\¬€чеслав\Desktop\проекты\StockPredictor\ForecastMP-v2\venv\Lib\site-packages\django\template\base.py", line 513, in parse
    raise self.error(token, e)
  File "C:\Users\¬€чеслав\Desktop\проекты\StockPredictor\ForecastMP-v2\venv\Lib\site-packages\django\template\base.py", line 511, in parse
    compiled_result = compile_func(self, token)
  File "C:\Users\¬€чеслав\Desktop\проекты\StockPredictor\ForecastMP-v2\venv\Lib\site-packages\django\template\loader_tags.py", line 232, in do_block
    nodelist = parser.parse(("endblock",))
  File "C:\Users\¬€чеслав\Desktop\проекты\StockPredictor\ForecastMP-v2\venv\Lib\site-packages\django\template\base.py", line 513, in parse
    raise self.error(token, e)
  File "C:\Users\¬€чеслав\Desktop\проекты\StockPredictor\ForecastMP-v2\venv\Lib\site-packages\django\template\base.py", line 511, in parse
    compiled_result = compile_func(self, token)
  File "C:\Users\¬€чеслав\Desktop\проекты\StockPredictor\ForecastMP-v2\venv\Lib\site-packages\django\template\defaulttags.py", line 967, in do_if
    nodelist = parser.parse(("endif",))
  File "C:\Users\¬€чеслав\Desktop\проекты\StockPredictor\ForecastMP-v2\venv\Lib\site-packages\django\template\base.py", line 513, in parse
    raise self.error(token, e)
  File "C:\Users\¬€чеслав\Desktop\проекты\StockPredictor\ForecastMP-v2\venv\Lib\site-packages\django\template\base.py", line 511, in parse
    compiled_result = compile_func(self, token)
  File "C:\Users\¬€чеслав\Desktop\проекты\StockPredictor\ForecastMP-v2\venv\Lib\site-packages\django\templatetags\i18n.py", line 403, in do_translate
    message_string = parser.compile_filter(bits[1])
  File "C:\Users\¬€чеслав\Desktop\проекты\StockPredictor\ForecastMP-v2\venv\Lib\site-packages\django\template\base.py", line 600, in compile_filter
    return FilterExpression(token, self)
  File "C:\Users\¬€чеслав\Desktop\проекты\StockPredictor\ForecastMP-v2\venv\Lib\site-packages\django\template\base.py", line 703, in __init__
    raise TemplateSyntaxError(
    ...<2 lines>...
    )
django.template.exceptions.TemplateSyntaxError: Could not parse the remainder: '\x90\xf8С?\x90+\x90?С?\x90?' from '"\x90"\x90\xf8С?\x90+\x90?С?\x90?'
[12/Jan/2026 23:23:18] "GET /accounts/login/?next=/ HTTP/1.1" 500 242875
[12/Jan/2026 23:25:37] "GET / HTTP/1.1" 302 0
Internal Server Error: /accounts/login/
Traceback (most recent call last):
  File "C:\Users\¬€чеслав\Desktop\проекты\StockPredictor\ForecastMP-v2\venv\Lib\site-packages\django\core\handlers\exception.py", line 55, in inner
    response = get_response(request)
  File "C:\Users\¬€чеслав\Desktop\проекты\StockPredictor\ForecastMP-v2\venv\Lib\site-packages\django\core\handlers\base.py", line 197, in _get_response
    response = wrapped_callback(request, *callback_args, **callback_kwargs)
  File "C:\Users\¬€чеслав\Desktop\проекты\StockPredictor\ForecastMP-v2\accounts\views.py", line 103, in user_login
    return render(request, 'account/login.html', context)
  File "C:\Users\¬€чеслав\Desktop\проекты\StockPredictor\ForecastMP-v2\venv\Lib\site-packages\django\shortcuts.py", line 24, in render
    content = loader.render_to_string(template_name, context, request, using=using)
  File "C:\Users\¬€чеслав\Desktop\проекты\StockPredictor\ForecastMP-v2\venv\Lib\site-packages\django\template\loader.py", line 62, in render_to_string
    return template.render(context, request)
           ~~~~~~~~~~~~~~~^^^^^^^^^^^^^^^^^^
  File "C:\Users\¬€чеслав\Desktop\проекты\StockPredictor\ForecastMP-v2\venv\Lib\site-packages\django\template\backends\django.py", line 61, in render
    return self.template.render(context)
           ~~~~~~~~~~~~~~~~~~~~^^^^^^^^^
  File "C:\Users\¬€чеслав\Desktop\проекты\StockPredictor\ForecastMP-v2\venv\Lib\site-packages\django\template\base.py", line 175, in render
    return self._render(context)
           ~~~~~~~~~~~~^^^^^^^^^
  File "C:\Users\¬€чеслав\Desktop\проекты\StockPredictor\ForecastMP-v2\venv\Lib\site-packages\django\template\base.py", line 167, in _render
    return self.nodelist.render(context)
           ~~~~~~~~~~~~~~~~~~~~^^^^^^^^^
  File "C:\Users\¬€чеслав\Desktop\проекты\StockPredictor\ForecastMP-v2\venv\Lib\site-packages\django\template\base.py", line 1005, in render
    return SafeString("".join([node.render_annotated(context) for node in self]))
                               ~~~~~~~~~~~~~~~~~~~~~^^^^^^^^^
  File "C:\Users\¬€чеслав\Desktop\проекты\StockPredictor\ForecastMP-v2\venv\Lib\site-packages\django\template\base.py", line 966, in render_annotated
    return self.render(context)
           ~~~~~~~~~~~^^^^^^^^^
  File "C:\Users\¬€чеслав\Desktop\проекты\StockPredictor\ForecastMP-v2\venv\Lib\site-packages\django\template\loader_tags.py", line 132, in render
    compiled_parent = self.get_parent(context)
  File "C:\Users\¬€чеслав\Desktop\проекты\StockPredictor\ForecastMP-v2\venv\Lib\site-packages\django\template\loader_tags.py", line 129, in get_parent
    return self.find_template(parent, context)
           ~~~~~~~~~~~~~~~~~~^^^^^^^^^^^^^^^^^
  File "C:\Users\¬€чеслав\Desktop\проекты\StockPredictor\ForecastMP-v2\venv\Lib\site-packages\django\template\loader_tags.py", line 107, in find_template
    template, origin = context.template.engine.find_template(
                       ~~~~~~~~~~~~~~~~~~~~~~~~~~~~~~~~~~~~~^
        template_name,
        ^^^^^^^^^^^^^^
        skip=history,
        ^^^^^^^^^^^^^
    )
    ^
  File "C:\Users\¬€чеслав\Desktop\проекты\StockPredictor\ForecastMP-v2\venv\Lib\site-packages\django\template\engine.py", line 157, in find_template
    template = loader.get_template(name, skip=skip)
  File "C:\Users\¬€чеслав\Desktop\проекты\StockPredictor\ForecastMP-v2\venv\Lib\site-packages\django\template\loaders\cached.py", line 57, in get_template
    template = super().get_template(template_name, skip)
  File "C:\Users\¬€чеслав\Desktop\проекты\StockPredictor\ForecastMP-v2\venv\Lib\site-packages\django\template\loaders\base.py", line 28, in get_template
    return Template(
        contents,
    ...<2 lines>...
        self.engine,
    )
  File "C:\Users\¬€чеслав\Desktop\проекты\StockPredictor\ForecastMP-v2\venv\Lib\site-packages\django\template\base.py", line 154, in __init__
    self.nodelist = self.compile_nodelist()
                    ~~~~~~~~~~~~~~~~~~~~~^^
  File "C:\Users\¬€чеслав\Desktop\проекты\StockPredictor\ForecastMP-v2\venv\Lib\site-packages\django\template\base.py", line 200, in compile_nodelist
    return parser.parse()
           ~~~~~~~~~~~~^^
  File "C:\Users\¬€чеслав\Desktop\проекты\StockPredictor\ForecastMP-v2\venv\Lib\site-packages\django\template\base.py", line 513, in parse
    raise self.error(token, e)
  File "C:\Users\¬€чеслав\Desktop\проекты\StockPredictor\ForecastMP-v2\venv\Lib\site-packages\django\template\base.py", line 511, in parse
    compiled_result = compile_func(self, token)
  File "C:\Users\¬€чеслав\Desktop\проекты\StockPredictor\ForecastMP-v2\venv\Lib\site-packages\django\template\loader_tags.py", line 293, in do_extends
    nodelist = parser.parse()
  File "C:\Users\¬€чеслав\Desktop\проекты\StockPredictor\ForecastMP-v2\venv\Lib\site-packages\django\template\base.py", line 513, in parse
    raise self.error(token, e)
  File "C:\Users\¬€чеслав\Desktop\проекты\StockPredictor\ForecastMP-v2\venv\Lib\site-packages\django\template\base.py", line 511, in parse
    compiled_result = compile_func(self, token)
  File "C:\Users\¬€чеслав\Desktop\проекты\StockPredictor\ForecastMP-v2\venv\Lib\site-packages\django\template\loader_tags.py", line 232, in do_block
    nodelist = parser.parse(("endblock",))
  File "C:\Users\¬€чеслав\Desktop\проекты\StockPredictor\ForecastMP-v2\venv\Lib\site-packages\django\template\base.py", line 513, in parse
    raise self.error(token, e)
  File "C:\Users\¬€чеслав\Desktop\проекты\StockPredictor\ForecastMP-v2\venv\Lib\site-packages\django\template\base.py", line 511, in parse
    compiled_result = compile_func(self, token)
  File "C:\Users\¬€чеслав\Desktop\проекты\StockPredictor\ForecastMP-v2\venv\Lib\site-packages\django\template\defaulttags.py", line 967, in do_if
    nodelist = parser.parse(("endif",))
  File "C:\Users\¬€чеслав\Desktop\проекты\StockPredictor\ForecastMP-v2\venv\Lib\site-packages\django\template\base.py", line 513, in parse
    raise self.error(token, e)
  File "C:\Users\¬€чеслав\Desktop\проекты\StockPredictor\ForecastMP-v2\venv\Lib\site-packages\django\template\base.py", line 511, in parse
    compiled_result = compile_func(self, token)
  File "C:\Users\¬€чеслав\Desktop\проекты\StockPredictor\ForecastMP-v2\venv\Lib\site-packages\django\templatetags\i18n.py", line 403, in do_translate
    message_string = parser.compile_filter(bits[1])
  File "C:\Users\¬€чеслав\Desktop\проекты\StockPredictor\ForecastMP-v2\venv\Lib\site-packages\django\template\base.py", line 600, in compile_filter
    return FilterExpression(token, self)
  File "C:\Users\¬€чеслав\Desktop\проекты\StockPredictor\ForecastMP-v2\venv\Lib\site-packages\django\template\base.py", line 703, in __init__
    raise TemplateSyntaxError(
    ...<2 lines>...
    )
django.template.exceptions.TemplateSyntaxError: Could not parse the remainder: '\x90\xf8С?\x90+\x90?С?\x90?' from '"\x90"\x90\xf8С?\x90+\x90?С?\x90?'
[12/Jan/2026 23:25:37] "GET /accounts/login/?next=/ HTTP/1.1" 500 242887
[12/Jan/2026 23:25:43] "GET /favicon.ico HTTP/1.1" 204 0
[12/Jan/2026 23:26:28] "GET / HTTP/1.1" 302 0
Internal Server Error: /accounts/login/
Traceback (most recent call last):
  File "C:\Users\¬€чеслав\Desktop\проекты\StockPredictor\ForecastMP-v2\venv\Lib\site-packages\django\core\handlers\exception.py", line 55, in inner
    response = get_response(request)
  File "C:\Users\¬€чеслав\Desktop\проекты\StockPredictor\ForecastMP-v2\venv\Lib\site-packages\django\core\handlers\base.py", line 197, in _get_response
    response = wrapped_callback(request, *callback_args, **callback_kwargs)
  File "C:\Users\¬€чеслав\Desktop\проекты\StockPredictor\ForecastMP-v2\accounts\views.py", line 103, in user_login
    return render(request, 'account/login.html', context)
  File "C:\Users\¬€чеслав\Desktop\проекты\StockPredictor\ForecastMP-v2\venv\Lib\site-packages\django\shortcuts.py", line 24, in render
    content = loader.render_to_string(template_name, context, request, using=using)
  File "C:\Users\¬€чеслав\Desktop\проекты\StockPredictor\ForecastMP-v2\venv\Lib\site-packages\django\template\loader.py", line 62, in render_to_string
    return template.render(context, request)
           ~~~~~~~~~~~~~~~^^^^^^^^^^^^^^^^^^
  File "C:\Users\¬€чеслав\Desktop\проекты\StockPredictor\ForecastMP-v2\venv\Lib\site-packages\django\template\backends\django.py", line 61, in render
    return self.template.render(context)
           ~~~~~~~~~~~~~~~~~~~~^^^^^^^^^
  File "C:\Users\¬€чеслав\Desktop\проекты\StockPredictor\ForecastMP-v2\venv\Lib\site-packages\django\template\base.py", line 175, in render
    return self._render(context)
           ~~~~~~~~~~~~^^^^^^^^^
  File "C:\Users\¬€чеслав\Desktop\проекты\StockPredictor\ForecastMP-v2\venv\Lib\site-packages\django\template\base.py", line 167, in _render
    return self.nodelist.render(context)
           ~~~~~~~~~~~~~~~~~~~~^^^^^^^^^
  File "C:\Users\¬€чеслав\Desktop\проекты\StockPredictor\ForecastMP-v2\venv\Lib\site-packages\django\template\base.py", line 1005, in render
    return SafeString("".join([node.render_annotated(context) for node in self]))
                               ~~~~~~~~~~~~~~~~~~~~~^^^^^^^^^
  File "C:\Users\¬€чеслав\Desktop\проекты\StockPredictor\ForecastMP-v2\venv\Lib\site-packages\django\template\base.py", line 966, in render_annotated
    return self.render(context)
           ~~~~~~~~~~~^^^^^^^^^
  File "C:\Users\¬€чеслав\Desktop\проекты\StockPredictor\ForecastMP-v2\venv\Lib\site-packages\django\template\loader_tags.py", line 132, in render
    compiled_parent = self.get_parent(context)
  File "C:\Users\¬€чеслав\Desktop\проекты\StockPredictor\ForecastMP-v2\venv\Lib\site-packages\django\template\loader_tags.py", line 129, in get_parent
    return self.find_template(parent, context)
           ~~~~~~~~~~~~~~~~~~^^^^^^^^^^^^^^^^^
  File "C:\Users\¬€чеслав\Desktop\проекты\StockPredictor\ForecastMP-v2\venv\Lib\site-packages\django\template\loader_tags.py", line 107, in find_template
    template, origin = context.template.engine.find_template(
                       ~~~~~~~~~~~~~~~~~~~~~~~~~~~~~~~~~~~~~^
        template_name,
        ^^^^^^^^^^^^^^
        skip=history,
        ^^^^^^^^^^^^^
    )
    ^
  File "C:\Users\¬€чеслав\Desktop\проекты\StockPredictor\ForecastMP-v2\venv\Lib\site-packages\django\template\engine.py", line 157, in find_template
    template = loader.get_template(name, skip=skip)
  File "C:\Users\¬€чеслав\Desktop\проекты\StockPredictor\ForecastMP-v2\venv\Lib\site-packages\django\template\loaders\cached.py", line 57, in get_template
    template = super().get_template(template_name, skip)
  File "C:\Users\¬€чеслав\Desktop\проекты\StockPredictor\ForecastMP-v2\venv\Lib\site-packages\django\template\loaders\base.py", line 28, in get_template
    return Template(
        contents,
    ...<2 lines>...
        self.engine,
    )
  File "C:\Users\¬€чеслав\Desktop\проекты\StockPredictor\ForecastMP-v2\venv\Lib\site-packages\django\template\base.py", line 154, in __init__
    self.nodelist = self.compile_nodelist()
                    ~~~~~~~~~~~~~~~~~~~~~^^
  File "C:\Users\¬€чеслав\Desktop\проекты\StockPredictor\ForecastMP-v2\venv\Lib\site-packages\django\template\base.py", line 200, in compile_nodelist
    return parser.parse()
           ~~~~~~~~~~~~^^
  File "C:\Users\¬€чеслав\Desktop\проекты\StockPredictor\ForecastMP-v2\venv\Lib\site-packages\django\template\base.py", line 513, in parse
    raise self.error(token, e)
  File "C:\Users\¬€чеслав\Desktop\проекты\StockPredictor\ForecastMP-v2\venv\Lib\site-packages\django\template\base.py", line 511, in parse
    compiled_result = compile_func(self, token)
  File "C:\Users\¬€чеслав\Desktop\проекты\StockPredictor\ForecastMP-v2\venv\Lib\site-packages\django\template\loader_tags.py", line 293, in do_extends
    nodelist = parser.parse()
  File "C:\Users\¬€чеслав\Desktop\проекты\StockPredictor\ForecastMP-v2\venv\Lib\site-packages\django\template\base.py", line 513, in parse
    raise self.error(token, e)
  File "C:\Users\¬€чеслав\Desktop\проекты\StockPredictor\ForecastMP-v2\venv\Lib\site-packages\django\template\base.py", line 511, in parse
    compiled_result = compile_func(self, token)
  File "C:\Users\¬€чеслав\Desktop\проекты\StockPredictor\ForecastMP-v2\venv\Lib\site-packages\django\template\loader_tags.py", line 232, in do_block
    nodelist = parser.parse(("endblock",))
  File "C:\Users\¬€чеслав\Desktop\проекты\StockPredictor\ForecastMP-v2\venv\Lib\site-packages\django\template\base.py", line 513, in parse
    raise self.error(token, e)
  File "C:\Users\¬€чеслав\Desktop\проекты\StockPredictor\ForecastMP-v2\venv\Lib\site-packages\django\template\base.py", line 511, in parse
    compiled_result = compile_func(self, token)
  File "C:\Users\¬€чеслав\Desktop\проекты\StockPredictor\ForecastMP-v2\venv\Lib\site-packages\django\template\defaulttags.py", line 967, in do_if
    nodelist = parser.parse(("endif",))
  File "C:\Users\¬€чеслав\Desktop\проекты\StockPredictor\ForecastMP-v2\venv\Lib\site-packages\django\template\base.py", line 513, in parse
    raise self.error(token, e)
  File "C:\Users\¬€чеслав\Desktop\проекты\StockPredictor\ForecastMP-v2\venv\Lib\site-packages\django\template\base.py", line 511, in parse
    compiled_result = compile_func(self, token)
  File "C:\Users\¬€чеслав\Desktop\проекты\StockPredictor\ForecastMP-v2\venv\Lib\site-packages\django\templatetags\i18n.py", line 403, in do_translate
    message_string = parser.compile_filter(bits[1])
  File "C:\Users\¬€чеслав\Desktop\проекты\StockPredictor\ForecastMP-v2\venv\Lib\site-packages\django\template\base.py", line 600, in compile_filter
    return FilterExpression(token, self)
  File "C:\Users\¬€чеслав\Desktop\проекты\StockPredictor\ForecastMP-v2\venv\Lib\site-packages\django\template\base.py", line 703, in __init__
    raise TemplateSyntaxError(
    ...<2 lines>...
    )
django.template.exceptions.TemplateSyntaxError: Could not parse the remainder: '¬Р√ЄвА\x98?¬Р+¬Р?вА\x98?¬Р?' from '"¬Р"¬Р√ЄвА\x98?¬Р+¬Р?вА\x98?¬Р?'
[12/Jan/2026 23:26:28] "GET /accounts/login/?next=/ HTTP/1.1" 500 243458
[12/Jan/2026 23:26:29] "GET /favicon.ico HTTP/1.1" 204 0
[12/Jan/2026 23:30:58] "GET / HTTP/1.1" 302 0
[12/Jan/2026 23:30:58] "GET /accounts/login/?next=/ HTTP/1.1" 200 10137
[12/Jan/2026 23:31:04] "GET /favicon.ico HTTP/1.1" 204 0
[12/Jan/2026 23:31:51] "POST /accounts/login/ HTTP/1.1" 302 0
[12/Jan/2026 23:31:51] "GET / HTTP/1.1" 200 34398
[12/Jan/2026 23:31:51] "GET /favicon.ico HTTP/1.1" 204 0
[12/Jan/2026 23:31:56] "GET /forecasting/ HTTP/1.1" 200 28471
[12/Jan/2026 23:31:56] "GET /favicon.ico HTTP/1.1" 204 0
[12/Jan/2026 23:31:59] "GET /dashboard/buying-table/ HTTP/1.1" 200 35389
[12/Jan/2026 23:32:00] "GET /favicon.ico HTTP/1.1" 204 0
[12/Jan/2026 23:32:01] "GET /dashboard/orders/ HTTP/1.1" 200 27589
[12/Jan/2026 23:32:01] "GET /favicon.ico HTTP/1.1" 204 0
Internal Server Error: /sales/warehouses/
Traceback (most recent call last):
  File "C:\Users\¬€чеслав\Desktop\проекты\StockPredictor\ForecastMP-v2\venv\Lib\site-packages\django\core\handlers\exception.py", line 55, in inner
    response = get_response(request)
  File "C:\Users\¬€чеслав\Desktop\проекты\StockPredictor\ForecastMP-v2\venv\Lib\site-packages\django\core\handlers\base.py", line 197, in _get_response
    response = wrapped_callback(request, *callback_args, **callback_kwargs)
  File "C:\Users\¬€чеслав\Desktop\проекты\StockPredictor\ForecastMP-v2\venv\Lib\site-packages\django\contrib\auth\decorators.py", line 23, in _wrapper_view
    return view_func(request, *args, **kwargs)
  File "C:\Users\¬€чеслав\Desktop\проекты\StockPredictor\ForecastMP-v2\sales\views.py", line 556, in warehouses
    return render(request, 'sales/warehouses.html', context)
  File "C:\Users\¬€чеслав\Desktop\проекты\StockPredictor\ForecastMP-v2\venv\Lib\site-packages\django\shortcuts.py", line 24, in render
    content = loader.render_to_string(template_name, context, request, using=using)
  File "C:\Users\¬€чеслав\Desktop\проекты\StockPredictor\ForecastMP-v2\venv\Lib\site-packages\django\template\loader.py", line 61, in render_to_string
    template = get_template(template_name, using=using)
  File "C:\Users\¬€чеслав\Desktop\проекты\StockPredictor\ForecastMP-v2\venv\Lib\site-packages\django\template\loader.py", line 15, in get_template
    return engine.get_template(template_name)
           ~~~~~~~~~~~~~~~~~~~^^^^^^^^^^^^^^^
  File "C:\Users\¬€чеслав\Desktop\проекты\StockPredictor\ForecastMP-v2\venv\Lib\site-packages\django\template\backends\django.py", line 33, in get_template
    return Template(self.engine.get_template(template_name), self)
                    ~~~~~~~~~~~~~~~~~~~~~~~~^^^^^^^^^^^^^^^
  File "C:\Users\¬€чеслав\Desktop\проекты\StockPredictor\ForecastMP-v2\venv\Lib\site-packages\django\template\engine.py", line 175, in get_template
    template, origin = self.find_template(template_name)
                       ~~~~~~~~~~~~~~~~~~^^^^^^^^^^^^^^^
  File "C:\Users\¬€чеслав\Desktop\проекты\StockPredictor\ForecastMP-v2\venv\Lib\site-packages\django\template\engine.py", line 157, in find_template
    template = loader.get_template(name, skip=skip)
  File "C:\Users\¬€чеслав\Desktop\проекты\StockPredictor\ForecastMP-v2\venv\Lib\site-packages\django\template\loaders\cached.py", line 57, in get_template
    template = super().get_template(template_name, skip)
  File "C:\Users\¬€чеслав\Desktop\проекты\StockPredictor\ForecastMP-v2\venv\Lib\site-packages\django\template\loaders\base.py", line 23, in get_template
    contents = self.get_contents(origin)
  File "C:\Users\¬€чеслав\Desktop\проекты\StockPredictor\ForecastMP-v2\venv\Lib\site-packages\django\template\loaders\cached.py", line 26, in get_contents
    return origin.loader.get_contents(origin)
           ~~~~~~~~~~~~~~~~~~~~~~~~~~^^^^^^^^
  File "C:\Users\¬€чеслав\Desktop\проекты\StockPredictor\ForecastMP-v2\venv\Lib\site-packages\django\template\loaders\filesystem.py", line 23, in get_contents
    return fp.read()
           ~~~~~~~^^
  File "<frozen codecs>", line 325, in decode
UnicodeDecodeError: 'utf-8' codec can't decode byte 0xcc in position 70: invalid continuation byte
[12/Jan/2026 23:32:02] "GET /sales/warehouses/ HTTP/1.1" 500 151814
[12/Jan/2026 23:32:02] "GET /favicon.ico HTTP/1.1" 204 0
[12/Jan/2026 23:32:04] "GET /favicon.ico HTTP/1.1" 204 0
Internal Server Error: /api/analytics/
Traceback (most recent call last):
  File "C:\Users\¬€чеслав\Desktop\проекты\StockPredictor\ForecastMP-v2\venv\Lib\site-packages\django\core\handlers\exception.py", line 55, in inner
    response = get_response(request)
  File "C:\Users\¬€чеслав\Desktop\проекты\StockPredictor\ForecastMP-v2\venv\Lib\site-packages\django\core\handlers\base.py", line 197, in _get_response
    response = wrapped_callback(request, *callback_args, **callback_kwargs)
  File "C:\Users\¬€чеслав\Desktop\проекты\StockPredictor\ForecastMP-v2\venv\Lib\site-packages\django\contrib\auth\decorators.py", line 23, in _wrapper_view
    return view_func(request, *args, **kwargs)
  File "C:\Users\¬€чеслав\Desktop\проекты\StockPredictor\ForecastMP-v2\dashboard\views.py", line 234, in analytics_view
    return render(request, 'dashboard/analytics.html')
  File "C:\Users\¬€чеслав\Desktop\проекты\StockPredictor\ForecastMP-v2\venv\Lib\site-packages\django\shortcuts.py", line 24, in render
    content = loader.render_to_string(template_name, context, request, using=using)
  File "C:\Users\¬€чеслав\Desktop\проекты\StockPredictor\ForecastMP-v2\venv\Lib\site-packages\django\template\loader.py", line 61, in render_to_string
    template = get_template(template_name, using=using)
  File "C:\Users\¬€чеслав\Desktop\проекты\StockPredictor\ForecastMP-v2\venv\Lib\site-packages\django\template\loader.py", line 15, in get_template
    return engine.get_template(template_name)
           ~~~~~~~~~~~~~~~~~~~^^^^^^^^^^^^^^^
  File "C:\Users\¬€чеслав\Desktop\проекты\StockPredictor\ForecastMP-v2\venv\Lib\site-packages\django\template\backends\django.py", line 33, in get_template
    return Template(self.engine.get_template(template_name), self)
                    ~~~~~~~~~~~~~~~~~~~~~~~~^^^^^^^^^^^^^^^
  File "C:\Users\¬€чеслав\Desktop\проекты\StockPredictor\ForecastMP-v2\venv\Lib\site-packages\django\template\engine.py", line 175, in get_template
    template, origin = self.find_template(template_name)
                       ~~~~~~~~~~~~~~~~~~^^^^^^^^^^^^^^^
  File "C:\Users\¬€чеслав\Desktop\проекты\StockPredictor\ForecastMP-v2\venv\Lib\site-packages\django\template\engine.py", line 157, in find_template
    template = loader.get_template(name, skip=skip)
  File "C:\Users\¬€чеслав\Desktop\проекты\StockPredictor\ForecastMP-v2\venv\Lib\site-packages\django\template\loaders\cached.py", line 57, in get_template
    template = super().get_template(template_name, skip)
  File "C:\Users\¬€чеслав\Desktop\проекты\StockPredictor\ForecastMP-v2\venv\Lib\site-packages\django\template\loaders\base.py", line 23, in get_template
    contents = self.get_contents(origin)
  File "C:\Users\¬€чеслав\Desktop\проекты\StockPredictor\ForecastMP-v2\venv\Lib\site-packages\django\template\loaders\cached.py", line 26, in get_contents
    return origin.loader.get_contents(origin)
           ~~~~~~~~~~~~~~~~~~~~~~~~~~^^^^^^^^
  File "C:\Users\¬€чеслав\Desktop\проекты\StockPredictor\ForecastMP-v2\venv\Lib\site-packages\django\template\loaders\filesystem.py", line 23, in get_contents
    return fp.read()
           ~~~~~~~^^
  File "<frozen codecs>", line 325, in decode
UnicodeDecodeError: 'utf-8' codec can't decode byte 0xc0 in position 70: invalid start byte
[12/Jan/2026 23:32:06] "GET /api/analytics/ HTTP/1.1" 500 149654
[12/Jan/2026 23:32:06] "GET /favicon.ico HTTP/1.1" 204 0
[12/Jan/2026 23:32:07] "GET /favicon.ico HTTP/1.1" 204 0
Internal Server Error: /accounts/settings/
Traceback (most recent call last):
  File "C:\Users\¬€чеслав\Desktop\проекты\StockPredictor\ForecastMP-v2\venv\Lib\site-packages\django\core\handlers\exception.py", line 55, in inner
    response = get_response(request)
  File "C:\Users\¬€чеслав\Desktop\проекты\StockPredictor\ForecastMP-v2\venv\Lib\site-packages\django\core\handlers\base.py", line 197, in _get_response
    response = wrapped_callback(request, *callback_args, **callback_kwargs)
  File "C:\Users\¬€чеслав\Desktop\проекты\StockPredictor\ForecastMP-v2\venv\Lib\site-packages\django\contrib\auth\decorators.py", line 23, in _wrapper_view
    return view_func(request, *args, **kwargs)
  File "C:\Users\¬€чеслав\Desktop\проекты\StockPredictor\ForecastMP-v2\accounts\views.py", line 209, in settings_view
    return render(request, 'accounts/settings.html', context)
  File "C:\Users\¬€чеслав\Desktop\проекты\StockPredictor\ForecastMP-v2\venv\Lib\site-packages\django\shortcuts.py", line 24, in render
    content = loader.render_to_string(template_name, context, request, using=using)
  File "C:\Users\¬€чеслав\Desktop\проекты\StockPredictor\ForecastMP-v2\venv\Lib\site-packages\django\template\loader.py", line 61, in render_to_string
    template = get_template(template_name, using=using)
  File "C:\Users\¬€чеслав\Desktop\проекты\StockPredictor\ForecastMP-v2\venv\Lib\site-packages\django\template\loader.py", line 15, in get_template
    return engine.get_template(template_name)
           ~~~~~~~~~~~~~~~~~~~^^^^^^^^^^^^^^^
  File "C:\Users\¬€чеслав\Desktop\проекты\StockPredictor\ForecastMP-v2\venv\Lib\site-packages\django\template\backends\django.py", line 33, in get_template
    return Template(self.engine.get_template(template_name), self)
                    ~~~~~~~~~~~~~~~~~~~~~~~~^^^^^^^^^^^^^^^
  File "C:\Users\¬€чеслав\Desktop\проекты\StockPredictor\ForecastMP-v2\venv\Lib\site-packages\django\template\engine.py", line 175, in get_template
    template, origin = self.find_template(template_name)
                       ~~~~~~~~~~~~~~~~~~^^^^^^^^^^^^^^^
  File "C:\Users\¬€чеслав\Desktop\проекты\StockPredictor\ForecastMP-v2\venv\Lib\site-packages\django\template\engine.py", line 157, in find_template
    template = loader.get_template(name, skip=skip)
  File "C:\Users\¬€чеслав\Desktop\проекты\StockPredictor\ForecastMP-v2\venv\Lib\site-packages\django\template\loaders\cached.py", line 57, in get_template
    template = super().get_template(template_name, skip)
  File "C:\Users\¬€чеслав\Desktop\проекты\StockPredictor\ForecastMP-v2\venv\Lib\site-packages\django\template\loaders\base.py", line 23, in get_template
    contents = self.get_contents(origin)
  File "C:\Users\¬€чеслав\Desktop\проекты\StockPredictor\ForecastMP-v2\venv\Lib\site-packages\django\template\loaders\cached.py", line 26, in get_contents
    return origin.loader.get_contents(origin)
           ~~~~~~~~~~~~~~~~~~~~~~~~~~^^^^^^^^
  File "C:\Users\¬€чеслав\Desktop\проекты\StockPredictor\ForecastMP-v2\venv\Lib\site-packages\django\template\loaders\filesystem.py", line 23, in get_contents
    return fp.read()
           ~~~~~~~^^
  File "<frozen codecs>", line 325, in decode
UnicodeDecodeError: 'utf-8' codec can't decode byte 0xcd in position 70: invalid continuation byte
[12/Jan/2026 23:32:09] "GET /accounts/settings/ HTTP/1.1" 500 151984
[12/Jan/2026 23:32:09] "GET /favicon.ico HTTP/1.1" 204 0
[12/Jan/2026 23:32:10] "GET /favicon.ico HTTP/1.1" 204 0
Internal Server Error: /accounts/subscription/
Traceback (most recent call last):
  File "C:\Users\¬€чеслав\Desktop\проекты\StockPredictor\ForecastMP-v2\venv\Lib\site-packages\django\core\handlers\exception.py", line 55, in inner
    response = get_response(request)
  File "C:\Users\¬€чеслав\Desktop\проекты\StockPredictor\ForecastMP-v2\venv\Lib\site-packages\django\core\handlers\base.py", line 197, in _get_response
    response = wrapped_callback(request, *callback_args, **callback_kwargs)
  File "C:\Users\¬€чеслав\Desktop\проекты\StockPredictor\ForecastMP-v2\venv\Lib\site-packages\django\contrib\auth\decorators.py", line 23, in _wrapper_view
    return view_func(request, *args, **kwargs)
  File "C:\Users\¬€чеслав\Desktop\проекты\StockPredictor\ForecastMP-v2\accounts\views.py", line 268, in subscription_view
    'invoices': _get_mock_invoices(),
                ~~~~~~~~~~~~~~~~~~^^
TypeError: _get_mock_invoices() missing 1 required positional argument: 'request'
[12/Jan/2026 23:32:11] "GET /accounts/subscription/ HTTP/1.1" 500 86200
[12/Jan/2026 23:32:12] "GET /favicon.ico HTTP/1.1" 204 0
[12/Jan/2026 23:32:13] "GET /favicon.ico HTTP/1.1" 204 0
[12/Jan/2026 23:32:46] "GET /favicon.ico HTTP/1.1" 204 0
[12/Jan/2026 23:32:47] "GET /favicon.ico HTTP/1.1" 204 0
[12/Jan/2026 23:32:48] "GET /favicon.ico HTTP/1.1" 204 0
[12/Jan/2026 23:32:48] "GET /accounts/login/?next=/ HTTP/1.1" 302 0
[12/Jan/2026 23:32:48] "GET /favicon.ico HTTP/1.1" 204 0
[12/Jan/2026 23:32:49] "GET /favicon.ico HTTP/1.1" 204 0
[12/Jan/2026 23:32:51] "GET /accounts/logout/ HTTP/1.1" 302 0
[12/Jan/2026 23:32:52] "GET /admin/login/ HTTP/1.1" 200 4165
[12/Jan/2026 23:32:52] "GET /static/admin/css/dark_mode.css HTTP/1.1" 304 0
[12/Jan/2026 23:32:52] "GET /static/admin/css/base.css HTTP/1.1" 304 0
[12/Jan/2026 23:32:52] "GET /static/admin/css/login.css HTTP/1.1" 304 0
[12/Jan/2026 23:32:52] "GET /static/admin/css/nav_sidebar.css HTTP/1.1" 304 0
[12/Jan/2026 23:32:52] "GET /static/admin/css/responsive.css HTTP/1.1" 304 0
[12/Jan/2026 23:32:52] "GET /static/admin/js/theme.js HTTP/1.1" 304 0
[12/Jan/2026 23:32:52] "GET /static/admin/js/nav_sidebar.js HTTP/1.1" 304 0
[12/Jan/2026 23:32:52] "GET /favicon.ico HTTP/1.1" 204 0
[12/Jan/2026 23:33:44] "GET / HTTP/1.1" 302 0
[12/Jan/2026 23:33:44] "GET /accounts/login/?next=/ HTTP/1.1" 200 10137
[12/Jan/2026 23:33:50] "GET /favicon.ico HTTP/1.1" 204 0
[12/Jan/2026 23:34:35] "POST /accounts/login/ HTTP/1.1" 302 0
[12/Jan/2026 23:34:35] "GET / HTTP/1.1" 200 34398
[12/Jan/2026 23:34:35] "GET /favicon.ico HTTP/1.1" 204 0
[12/Jan/2026 23:34:41] "GET /forecasting/ HTTP/1.1" 200 28471
[12/Jan/2026 23:34:41] "GET /favicon.ico HTTP/1.1" 204 0
[12/Jan/2026 23:34:45] "GET /dashboard/buying-table/ HTTP/1.1" 200 35389
[12/Jan/2026 23:34:45] "GET /favicon.ico HTTP/1.1" 204 0
[12/Jan/2026 23:34:49] "GET /dashboard/orders/ HTTP/1.1" 200 27589
[12/Jan/2026 23:34:49] "GET /favicon.ico HTTP/1.1" 204 0
Internal Server Error: /sales/warehouses/
Traceback (most recent call last):
  File "C:\Users\¬€чеслав\Desktop\проекты\StockPredictor\ForecastMP-v2\venv\Lib\site-packages\django\core\handlers\exception.py", line 55, in inner
    response = get_response(request)
  File "C:\Users\¬€чеслав\Desktop\проекты\StockPredictor\ForecastMP-v2\venv\Lib\site-packages\django\core\handlers\base.py", line 197, in _get_response
    response = wrapped_callback(request, *callback_args, **callback_kwargs)
  File "C:\Users\¬€чеслав\Desktop\проекты\StockPredictor\ForecastMP-v2\venv\Lib\site-packages\django\contrib\auth\decorators.py", line 23, in _wrapper_view
    return view_func(request, *args, **kwargs)
  File "C:\Users\¬€чеслав\Desktop\проекты\StockPredictor\ForecastMP-v2\sales\views.py", line 556, in warehouses
    return render(request, 'sales/warehouses.html', context)
  File "C:\Users\¬€чеслав\Desktop\проекты\StockPredictor\ForecastMP-v2\venv\Lib\site-packages\django\shortcuts.py", line 24, in render
    content = loader.render_to_string(template_name, context, request, using=using)
  File "C:\Users\¬€чеслав\Desktop\проекты\StockPredictor\ForecastMP-v2\venv\Lib\site-packages\django\template\loader.py", line 61, in render_to_string
    template = get_template(template_name, using=using)
  File "C:\Users\¬€чеслав\Desktop\проекты\StockPredictor\ForecastMP-v2\venv\Lib\site-packages\django\template\loader.py", line 15, in get_template
    return engine.get_template(template_name)
           ~~~~~~~~~~~~~~~~~~~^^^^^^^^^^^^^^^
  File "C:\Users\¬€чеслав\Desktop\проекты\StockPredictor\ForecastMP-v2\venv\Lib\site-packages\django\template\backends\django.py", line 33, in get_template
    return Template(self.engine.get_template(template_name), self)
                    ~~~~~~~~~~~~~~~~~~~~~~~~^^^^^^^^^^^^^^^
  File "C:\Users\¬€чеслав\Desktop\проекты\StockPredictor\ForecastMP-v2\venv\Lib\site-packages\django\template\engine.py", line 175, in get_template
    template, origin = self.find_template(template_name)
                       ~~~~~~~~~~~~~~~~~~^^^^^^^^^^^^^^^
  File "C:\Users\¬€чеслав\Desktop\проекты\StockPredictor\ForecastMP-v2\venv\Lib\site-packages\django\template\engine.py", line 157, in find_template
    template = loader.get_template(name, skip=skip)
  File "C:\Users\¬€чеслав\Desktop\проекты\StockPredictor\ForecastMP-v2\venv\Lib\site-packages\django\template\loaders\cached.py", line 57, in get_template
    template = super().get_template(template_name, skip)
  File "C:\Users\¬€чеслав\Desktop\проекты\StockPredictor\ForecastMP-v2\venv\Lib\site-packages\django\template\loaders\base.py", line 23, in get_template
    contents = self.get_contents(origin)
  File "C:\Users\¬€чеслав\Desktop\проекты\StockPredictor\ForecastMP-v2\venv\Lib\site-packages\django\template\loaders\cached.py", line 26, in get_contents
    return origin.loader.get_contents(origin)
           ~~~~~~~~~~~~~~~~~~~~~~~~~~^^^^^^^^
  File "C:\Users\¬€чеслав\Desktop\проекты\StockPredictor\ForecastMP-v2\venv\Lib\site-packages\django\template\loaders\filesystem.py", line 23, in get_contents
    return fp.read()
           ~~~~~~~^^
  File "<frozen codecs>", line 325, in decode
UnicodeDecodeError: 'utf-8' codec can't decode byte 0xcc in position 70: invalid continuation byte
[12/Jan/2026 23:35:29] "GET /sales/warehouses/ HTTP/1.1" 500 151814
[12/Jan/2026 23:35:30] "GET /favicon.ico HTTP/1.1" 204 0
Internal Server Error: /accounts/settings/
Traceback (most recent call last):
  File "C:\Users\¬€чеслав\Desktop\проекты\StockPredictor\ForecastMP-v2\venv\Lib\site-packages\django\core\handlers\exception.py", line 55, in inner
    response = get_response(request)
  File "C:\Users\¬€чеслав\Desktop\проекты\StockPredictor\ForecastMP-v2\venv\Lib\site-packages\django\core\handlers\base.py", line 197, in _get_response
    response = wrapped_callback(request, *callback_args, **callback_kwargs)
  File "C:\Users\¬€чеслав\Desktop\проекты\StockPredictor\ForecastMP-v2\venv\Lib\site-packages\django\contrib\auth\decorators.py", line 23, in _wrapper_view
    return view_func(request, *args, **kwargs)
  File "C:\Users\¬€чеслав\Desktop\проекты\StockPredictor\ForecastMP-v2\accounts\views.py", line 209, in settings_view
    return render(request, 'accounts/settings.html', context)
  File "C:\Users\¬€чеслав\Desktop\проекты\StockPredictor\ForecastMP-v2\venv\Lib\site-packages\django\shortcuts.py", line 24, in render
    content = loader.render_to_string(template_name, context, request, using=using)
  File "C:\Users\¬€чеслав\Desktop\проекты\StockPredictor\ForecastMP-v2\venv\Lib\site-packages\django\template\loader.py", line 61, in render_to_string
    template = get_template(template_name, using=using)
  File "C:\Users\¬€чеслав\Desktop\проекты\StockPredictor\ForecastMP-v2\venv\Lib\site-packages\django\template\loader.py", line 15, in get_template
    return engine.get_template(template_name)
           ~~~~~~~~~~~~~~~~~~~^^^^^^^^^^^^^^^
  File "C:\Users\¬€чеслав\Desktop\проекты\StockPredictor\ForecastMP-v2\venv\Lib\site-packages\django\template\backends\django.py", line 33, in get_template
    return Template(self.engine.get_template(template_name), self)
                    ~~~~~~~~~~~~~~~~~~~~~~~~^^^^^^^^^^^^^^^
  File "C:\Users\¬€чеслав\Desktop\проекты\StockPredictor\ForecastMP-v2\venv\Lib\site-packages\django\template\engine.py", line 175, in get_template
    template, origin = self.find_template(template_name)
                       ~~~~~~~~~~~~~~~~~~^^^^^^^^^^^^^^^
  File "C:\Users\¬€чеслав\Desktop\проекты\StockPredictor\ForecastMP-v2\venv\Lib\site-packages\django\template\engine.py", line 157, in find_template
    template = loader.get_template(name, skip=skip)
  File "C:\Users\¬€чеслав\Desktop\проекты\StockPredictor\ForecastMP-v2\venv\Lib\site-packages\django\template\loaders\cached.py", line 57, in get_template
    template = super().get_template(template_name, skip)
  File "C:\Users\¬€чеслав\Desktop\проекты\StockPredictor\ForecastMP-v2\venv\Lib\site-packages\django\template\loaders\base.py", line 23, in get_template
    contents = self.get_contents(origin)
  File "C:\Users\¬€чеслав\Desktop\проекты\StockPredictor\ForecastMP-v2\venv\Lib\site-packages\django\template\loaders\cached.py", line 26, in get_contents
    return origin.loader.get_contents(origin)
           ~~~~~~~~~~~~~~~~~~~~~~~~~~^^^^^^^^
  File "C:\Users\¬€чеслав\Desktop\проекты\StockPredictor\ForecastMP-v2\venv\Lib\site-packages\django\template\loaders\filesystem.py", line 23, in get_contents
    return fp.read()
           ~~~~~~~^^
  File "<frozen codecs>", line 325, in decode
UnicodeDecodeError: 'utf-8' codec can't decode byte 0xcd in position 70: invalid continuation byte
[12/Jan/2026 23:35:49] "GET /accounts/settings/ HTTP/1.1" 500 151816
[12/Jan/2026 23:35:49] "GET /favicon.ico HTTP/1.1" 204 0
Internal Server Error: /accounts/subscription/
Traceback (most recent call last):
  File "C:\Users\¬€чеслав\Desktop\проекты\StockPredictor\ForecastMP-v2\venv\Lib\site-packages\django\core\handlers\exception.py", line 55, in inner
    response = get_response(request)
  File "C:\Users\¬€чеслав\Desktop\проекты\StockPredictor\ForecastMP-v2\venv\Lib\site-packages\django\core\handlers\base.py", line 197, in _get_response
    response = wrapped_callback(request, *callback_args, **callback_kwargs)
  File "C:\Users\¬€чеслав\Desktop\проекты\StockPredictor\ForecastMP-v2\venv\Lib\site-packages\django\contrib\auth\decorators.py", line 23, in _wrapper_view
    return view_func(request, *args, **kwargs)
  File "C:\Users\¬€чеслав\Desktop\проекты\StockPredictor\ForecastMP-v2\accounts\views.py", line 268, in subscription_view
    'invoices': _get_mock_invoices(),
                ~~~~~~~~~~~~~~~~~~^^
TypeError: _get_mock_invoices() missing 1 required positional argument: 'request'
[12/Jan/2026 23:35:53] "GET /accounts/subscription/ HTTP/1.1" 500 86032
[12/Jan/2026 23:35:53] "GET /favicon.ico HTTP/1.1" 204 0
Internal Server Error: /api/analytics/
Traceback (most recent call last):
  File "C:\Users\¬€чеслав\Desktop\проекты\StockPredictor\ForecastMP-v2\venv\Lib\site-packages\django\core\handlers\exception.py", line 55, in inner
    response = get_response(request)
  File "C:\Users\¬€чеслав\Desktop\проекты\StockPredictor\ForecastMP-v2\venv\Lib\site-packages\django\core\handlers\base.py", line 197, in _get_response
    response = wrapped_callback(request, *callback_args, **callback_kwargs)
  File "C:\Users\¬€чеслав\Desktop\проекты\StockPredictor\ForecastMP-v2\venv\Lib\site-packages\django\contrib\auth\decorators.py", line 23, in _wrapper_view
    return view_func(request, *args, **kwargs)
  File "C:\Users\¬€чеслав\Desktop\проекты\StockPredictor\ForecastMP-v2\dashboard\views.py", line 234, in analytics_view
    return render(request, 'dashboard/analytics.html')
  File "C:\Users\¬€чеслав\Desktop\проекты\StockPredictor\ForecastMP-v2\venv\Lib\site-packages\django\shortcuts.py", line 24, in render
    content = loader.render_to_string(template_name, context, request, using=using)
  File "C:\Users\¬€чеслав\Desktop\проекты\StockPredictor\ForecastMP-v2\venv\Lib\site-packages\django\template\loader.py", line 61, in render_to_string
    template = get_template(template_name, using=using)
  File "C:\Users\¬€чеслав\Desktop\проекты\StockPredictor\ForecastMP-v2\venv\Lib\site-packages\django\template\loader.py", line 15, in get_template
    return engine.get_template(template_name)
           ~~~~~~~~~~~~~~~~~~~^^^^^^^^^^^^^^^
  File "C:\Users\¬€чеслав\Desktop\проекты\StockPredictor\ForecastMP-v2\venv\Lib\site-packages\django\template\backends\django.py", line 33, in get_template
    return Template(self.engine.get_template(template_name), self)
                    ~~~~~~~~~~~~~~~~~~~~~~~~^^^^^^^^^^^^^^^
  File "C:\Users\¬€чеслав\Desktop\проекты\StockPredictor\ForecastMP-v2\venv\Lib\site-packages\django\template\engine.py", line 175, in get_template
    template, origin = self.find_template(template_name)
                       ~~~~~~~~~~~~~~~~~~^^^^^^^^^^^^^^^
  File "C:\Users\¬€чеслав\Desktop\проекты\StockPredictor\ForecastMP-v2\venv\Lib\site-packages\django\template\engine.py", line 157, in find_template
    template = loader.get_template(name, skip=skip)
  File "C:\Users\¬€чеслав\Desktop\проекты\StockPredictor\ForecastMP-v2\venv\Lib\site-packages\django\template\loaders\cached.py", line 57, in get_template
    template = super().get_template(template_name, skip)
  File "C:\Users\¬€чеслав\Desktop\проекты\StockPredictor\ForecastMP-v2\venv\Lib\site-packages\django\template\loaders\base.py", line 23, in get_template
    contents = self.get_contents(origin)
  File "C:\Users\¬€чеслав\Desktop\проекты\StockPredictor\ForecastMP-v2\venv\Lib\site-packages\django\template\loaders\cached.py", line 26, in get_contents
    return origin.loader.get_contents(origin)
           ~~~~~~~~~~~~~~~~~~~~~~~~~~^^^^^^^^
  File "C:\Users\¬€чеслав\Desktop\проекты\StockPredictor\ForecastMP-v2\venv\Lib\site-packages\django\template\loaders\filesystem.py", line 23, in get_contents
    return fp.read()
           ~~~~~~~^^
  File "<frozen codecs>", line 325, in decode
UnicodeDecodeError: 'utf-8' codec can't decode byte 0xc0 in position 70: invalid start byte
[12/Jan/2026 23:36:02] "GET /api/analytics/ HTTP/1.1" 500 149486
[12/Jan/2026 23:36:02] "GET /favicon.ico HTTP/1.1" 204 0
[12/Jan/2026 23:37:46] "GET /sales/warehouses/ HTTP/1.1" 200 21371
[12/Jan/2026 23:37:57] "GET /favicon.ico HTTP/1.1" 204 0
[12/Jan/2026 23:38:01] "GET /accounts/settings/ HTTP/1.1" 200 29005
[12/Jan/2026 23:38:01] "GET /favicon.ico HTTP/1.1" 204 0
[12/Jan/2026 23:38:06] "GET /api/analytics/ HTTP/1.1" 200 32012
[12/Jan/2026 23:38:06] "GET /api/api/dashboard/inventory-value/ HTTP/1.1" 200 133
[12/Jan/2026 23:38:06] "GET /api/api/dashboard/inventory-turnover/ HTTP/1.1" 200 131
[12/Jan/2026 23:38:06] "GET /api/api/dashboard/forecast-accuracy/ HTTP/1.1" 200 159
[12/Jan/2026 23:38:06] "GET /api/api/dashboard/stock-status/ HTTP/1.1" 200 262
[12/Jan/2026 23:38:06] "GET /favicon.ico HTTP/1.1" 204 0
[12/Jan/2026 23:38:06] "GET /api/api/dashboard/urgent-products/ HTTP/1.1" 200 74
C:\Users\¬€чеслав\Desktop\проекты\StockPredictor\ForecastMP-v2\accounts\views.py changed, reloading.
Watching for file changes with StatReloader
[12/Jan/2026 23:38:49] "GET /accounts/subscription/ HTTP/1.1" 200 27463
[12/Jan/2026 23:38:50] "GET /favicon.ico HTTP/1.1" 204 0
[12/Jan/2026 23:38:54] "GET /sales/warehouses/create/ HTTP/1.1" 200 22197
[12/Jan/2026 23:38:54] "GET /favicon.ico HTTP/1.1" 204 0
[12/Jan/2026 23:39:32] "GET / HTTP/1.1" 200 34398
[12/Jan/2026 23:39:32] "GET /favicon.ico HTTP/1.1" 204 0
[12/Jan/2026 23:39:34] "GET /forecasting/ HTTP/1.1" 200 28471
[12/Jan/2026 23:39:35] "GET /favicon.ico HTTP/1.1" 204 0
[12/Jan/2026 23:39:37] "GET /dashboard/buying-table/ HTTP/1.1" 200 35389
[12/Jan/2026 23:39:37] "GET /favicon.ico HTTP/1.1" 204 0
[12/Jan/2026 23:39:38] "GET /dashboard/orders/ HTTP/1.1" 200 27589
[12/Jan/2026 23:39:39] "GET /favicon.ico HTTP/1.1" 204 0
[12/Jan/2026 23:39:40] "GET /sales/warehouses/ HTTP/1.1" 200 21371
[12/Jan/2026 23:39:41] "GET /favicon.ico HTTP/1.1" 204 0
[12/Jan/2026 23:39:42] "GET /sales/warehouses/create/ HTTP/1.1" 200 22197
[12/Jan/2026 23:39:42] "GET /favicon.ico HTTP/1.1" 204 0
[12/Jan/2026 23:39:56] "GET /api/analytics/ HTTP/1.1" 200 32012
[12/Jan/2026 23:39:56] "GET /api/api/dashboard/inventory-value/ HTTP/1.1" 200 133
[12/Jan/2026 23:39:56] "GET /api/api/dashboard/inventory-turnover/ HTTP/1.1" 200 131
[12/Jan/2026 23:39:56] "GET /api/api/dashboard/forecast-accuracy/ HTTP/1.1" 200 159
[12/Jan/2026 23:39:56] "GET /api/api/dashboard/stock-status/ HTTP/1.1" 200 262
[12/Jan/2026 23:39:56] "GET /api/api/dashboard/urgent-products/ HTTP/1.1" 200 74
[12/Jan/2026 23:39:56] "GET /favicon.ico HTTP/1.1" 204 0
[12/Jan/2026 23:45:40] "GET /api/analytics/ HTTP/1.1" 200 32012
[12/Jan/2026 23:45:51] "GET /api/api/dashboard/inventory-turnover/ HTTP/1.1" 200 131
[12/Jan/2026 23:45:51] "GET /api/api/dashboard/forecast-accuracy/ HTTP/1.1" 200 159
[12/Jan/2026 23:45:51] "GET /api/api/dashboard/inventory-value/ HTTP/1.1" 200 133
[12/Jan/2026 23:45:51] "GET /favicon.ico HTTP/1.1" 204 0
[12/Jan/2026 23:45:51] "GET /api/api/dashboard/urgent-products/ HTTP/1.1" 200 74
[12/Jan/2026 23:45:51] "GET /api/api/dashboard/stock-status/ HTTP/1.1" 200 262
[12/Jan/2026 23:46:56] "GET /accounts/subscription/ HTTP/1.1" 200 27463
[12/Jan/2026 23:46:56] "GET /favicon.ico HTTP/1.1" 204 0
[12/Jan/2026 23:46:57] "GET /accounts/pricing/ HTTP/1.1" 200 30527
[12/Jan/2026 23:46:57] "GET /favicon.ico HTTP/1.1" 204 0
[12/Jan/2026 23:47:02] "GET /favicon.ico HTTP/1.1" 204 0
[12/Jan/2026 23:47:06] "GET / HTTP/1.1" 200 34398
[12/Jan/2026 23:47:06] "GET /favicon.ico HTTP/1.1" 204 0
[12/Jan/2026 23:47:09] "GET /forecasting/ HTTP/1.1" 200 28471
[12/Jan/2026 23:47:09] "GET /favicon.ico HTTP/1.1" 204 0
[12/Jan/2026 23:47:10] "GET /dashboard/buying-table/ HTTP/1.1" 200 35389
[12/Jan/2026 23:47:10] "GET /favicon.ico HTTP/1.1" 204 0
[12/Jan/2026 23:47:11] "GET /dashboard/orders/ HTTP/1.1" 200 27589
[12/Jan/2026 23:47:11] "GET /favicon.ico HTTP/1.1" 204 0
[12/Jan/2026 23:47:11] "GET /sales/warehouses/ HTTP/1.1" 200 21371
[12/Jan/2026 23:47:11] "GET /favicon.ico HTTP/1.1" 204 0
[12/Jan/2026 23:47:12] "GET /api/analytics/ HTTP/1.1" 200 32012
[12/Jan/2026 23:47:12] "GET /api/api/dashboard/forecast-accuracy/ HTTP/1.1" 200 159
[12/Jan/2026 23:47:12] "GET /api/api/dashboard/inventory-turnover/ HTTP/1.1" 200 131
[12/Jan/2026 23:47:12] "GET /api/api/dashboard/inventory-value/ HTTP/1.1" 200 133
[12/Jan/2026 23:47:12] "GET /favicon.ico HTTP/1.1" 204 0
[12/Jan/2026 23:47:12] "GET /api/api/dashboard/stock-status/ HTTP/1.1" 200 262
[12/Jan/2026 23:47:12] "GET /api/api/dashboard/urgent-products/ HTTP/1.1" 200 74
[12/Jan/2026 23:47:14] "GET /accounts/settings/ HTTP/1.1" 200 29005
[12/Jan/2026 23:47:14] "GET /favicon.ico HTTP/1.1" 204 0
